
> ascii-tennis@1.0.0 test
> vitest run


[1m[46m RUN [49m[22m [36mv3.2.6 [39m[90m/home/runner/work/ASCIITennis/ASCIITennis[39m

 [32m✓[39m tests/math.test.js [2m([22m[2m3 tests[22m[2m)[22m[32m 5[2mms[22m[39m

[2m Test Files [22m [1m[32m1 passed[39m[22m[90m (1)[39m
[2m      Tests [22m [1m[32m3 passed[39m[22m[90m (3)[39m
[2m   Start at [22m 15:55:22
[2m   Duration [22m 246ms[2m (transform 40ms, setup 0ms, collect 21ms, tests 5ms, environment 0ms, prepare 74ms)[22m

